
> maa-portfolio@2.0.0 build
> next build

node.exe : [baseline-br
owser-mapping] The data
 in this module is over
 two months old.  To en
sure accurate Baseline 
data, please update: `n
pm i baseline-browser-m
apping@latest -D`
発生場所 行:1 文字:1
+ & "C:\Program Files\n
odejs/node.exe" "C:\Pro
gram Files\nodejs/node_
mo ...
+ ~~~~~~~~~~~~~~~~~~~~~
~~~~~~~~~~~~~~~~~~~~~~~
~~~~~~~~~~~~~~~~~~~~~~~
~~
    + CategoryInfo     
         : NotSpecifi  
  ed: ([baseline-bro   
 ws...ping@latest -    
D`:String) [], Rem    o
teException
    + FullyQualifiedEr 
   rorId : NativeComm  
  andError
 
   笆ｲ Next.js 16.0.7 (Turbopack)

   Creating an optimized production build ...
[baseline-browser-mappi
ng] The data in this mo
dule is over two months
 old.  To ensure accura
te Baseline data, pleas
e update: `npm i baseli
ne-browser-mapping@late
st -D`
 笨・Compiled successfully in 9.1s
   Running TypeScript ...
   Collecting page data using 7 workers ...
[baseline-browser-mappi
ng] The data in this mo
dule is over two months
 old.  To ensure accura
te Baseline data, pleas
e update: `npm i baseli
ne-browser-mapping@late
st -D`
[baseline-browser-mappi
ng] The data in this mo
dule is over two months
 old.  To ensure accura
te Baseline data, pleas
e update: `npm i baseli
ne-browser-mapping@late
st -D`
[baseline-browser-mappi
ng] The data in this mo
dule is over two months
 old.  To ensure accura
te Baseline data, pleas
e update: `npm i baseli
ne-browser-mapping@late
st -D`
[baseline-browser-mappi
ng] The data in this mo
dule is over two months
 old.  To ensure accura
te Baseline data, pleas
e update: `npm i baseli
ne-browser-mapping@late
st -D`
[baseline-browser-mappi
ng] The data in this mo
dule is over two months
 old.  To ensure accura
te Baseline data, pleas
e update: `npm i baseli
ne-browser-mapping@late
st -D`
[baseline-browser-mappi
ng] The data in this mo
dule is over two months
 old.  To ensure accura
te Baseline data, pleas
e update: `npm i baseli
ne-browser-mapping@late
st -D`
[baseline-browser-mappi
ng] The data in this mo
dule is over two months
 old.  To ensure accura
te Baseline data, pleas
e update: `npm i baseli
ne-browser-mapping@late
st -D`
Error: export const dyn
amic = "force-static"/e
xport const revalidate 
not configured on route
 "/sitemap.xml" with "o
utput: export". See mor
e info here: https://ne
xtjs.org/docs/advanced-
features/static-html-ex
port
    at module evaluatio
n (D:\Sync\cursorprojec
t\portfolio-site\.next\
server\chunks\[root-of-
the-server]__77304c5e._
.js:16:1007)
    at instantiateModul
e (D:\Sync\cursorprojec
t\portfolio-site\.next\
server\chunks\[turbopac
k]_runtime.js:715:9)
    at instantiateRunti
meModule (D:\Sync\curso
rproject\portfolio-site
\.next\server\chunks\[t
urbopack]_runtime.js:74
3:12)
    at getOrInstantiate
RuntimeModule (D:\Sync\
cursorproject\portfolio
-site\.next\server\chun
ks\[turbopack]_runtime.
js:756:12)
    at Object.m (D:\Syn
c\cursorproject\portfol
io-site\.next\server\ch
unks\[turbopack]_runtim
e.js:765:18)
    at Object.<anonymou
s> (D:\Sync\cursorproje
ct\portfolio-site\.next
\server\app\sitemap.xml
\route.js:5:3)
Error: export const dyn
amic = "force-static"/e
xport const revalidate 
not configured on route
 "/robots.txt" with "ou
tput: export". See more
 info here: https://nex
tjs.org/docs/advanced-f
eatures/static-html-exp
ort
    at module evaluatio
n (D:\Sync\cursorprojec
t\portfolio-site\.next\
server\chunks\[root-of-
the-server]__7759516e._
.js:16:884)
    at instantiateModul
e (D:\Sync\cursorprojec
t\portfolio-site\.next\
server\chunks\[turbopac
k]_runtime.js:715:9)
    at instantiateRunti
meModule (D:\Sync\curso
rproject\portfolio-site
\.next\server\chunks\[t
urbopack]_runtime.js:74
3:12)
    at getOrInstantiate
RuntimeModule (D:\Sync\
cursorproject\portfolio
-site\.next\server\chun
ks\[turbopack]_runtime.
js:756:12)
    at Object.m (D:\Syn
c\cursorproject\portfol
io-site\.next\server\ch
unks\[turbopack]_runtim
e.js:765:18)
    at Object.<anonymou
s> (D:\Sync\cursorproje
ct\portfolio-site\.next
\server\app\robots.txt\
route.js:5:3)

> Build error occurred
Error: Failed to collec
t page data for /sitema
p.xml
    at ignore-listed fr
ames {
  type: 'Error'
}
